Archive member included to satisfy reference by file (symbol)

/opt/st/stm32cubeide_1.10.1/plugins/com.st.stm32cube.ide.mcu.externaltools.gnu-tools-for-stm32.10.3-2021.10.linux64_1.0.0.202111181127/tools/bin/../lib/gcc/arm-none-eabi/10.3.1/../../../../arm-none-eabi/lib/thumb/v7-m/nofp/libc_nano.a(lib_a-errno.o)
                              ./Core/Src/syscalls.o (__errno)
/opt/st/stm32cubeide_1.10.1/plugins/com.st.stm32cube.ide.mcu.externaltools.gnu-tools-for-stm32.10.3-2021.10.linux64_1.0.0.202111181127/tools/bin/../lib/gcc/arm-none-eabi/10.3.1/../../../../arm-none-eabi/lib/thumb/v7-m/nofp/libc_nano.a(lib_a-exit.o)
                              /opt/st/stm32cubeide_1.10.1/plugins/com.st.stm32cube.ide.mcu.externaltools.gnu-tools-for-stm32.10.3-2021.10.linux64_1.0.0.202111181127/tools/bin/../lib/gcc/arm-none-eabi/10.3.1/../../../../arm-none-eabi/lib/thumb/v7-m/nofp/crt0.o (exit)
/opt/st/stm32cubeide_1.10.1/plugins/com.st.stm32cube.ide.mcu.externaltools.gnu-tools-for-stm32.10.3-2021.10.linux64_1.0.0.202111181127/tools/bin/../lib/gcc/arm-none-eabi/10.3.1/../../../../arm-none-eabi/lib/thumb/v7-m/nofp/libc_nano.a(lib_a-impure.o)
                              /opt/st/stm32cubeide_1.10.1/plugins/com.st.stm32cube.ide.mcu.externaltools.gnu-tools-for-stm32.10.3-2021.10.linux64_1.0.0.202111181127/tools/bin/../lib/gcc/arm-none-eabi/10.3.1/../../../../arm-none-eabi/lib/thumb/v7-m/nofp/libc_nano.a(lib_a-exit.o) (_global_impure_ptr)
/opt/st/stm32cubeide_1.10.1/plugins/com.st.stm32cube.ide.mcu.externaltools.gnu-tools-for-stm32.10.3-2021.10.linux64_1.0.0.202111181127/tools/bin/../lib/gcc/arm-none-eabi/10.3.1/../../../../arm-none-eabi/lib/thumb/v7-m/nofp/libc_nano.a(lib_a-init.o)
                              /opt/st/stm32cubeide_1.10.1/plugins/com.st.stm32cube.ide.mcu.externaltools.gnu-tools-for-stm32.10.3-2021.10.linux64_1.0.0.202111181127/tools/bin/../lib/gcc/arm-none-eabi/10.3.1/../../../../arm-none-eabi/lib/thumb/v7-m/nofp/crt0.o (__libc_init_array)
/opt/st/stm32cubeide_1.10.1/plugins/com.st.stm32cube.ide.mcu.externaltools.gnu-tools-for-stm32.10.3-2021.10.linux64_1.0.0.202111181127/tools/bin/../lib/gcc/arm-none-eabi/10.3.1/../../../../arm-none-eabi/lib/thumb/v7-m/nofp/libc_nano.a(lib_a-memset.o)
                              /opt/st/stm32cubeide_1.10.1/plugins/com.st.stm32cube.ide.mcu.externaltools.gnu-tools-for-stm32.10.3-2021.10.linux64_1.0.0.202111181127/tools/bin/../lib/gcc/arm-none-eabi/10.3.1/../../../../arm-none-eabi/lib/thumb/v7-m/nofp/crt0.o (memset)
/opt/st/stm32cubeide_1.10.1/plugins/com.st.stm32cube.ide.mcu.externaltools.gnu-tools-for-stm32.10.3-2021.10.linux64_1.0.0.202111181127/tools/bin/../lib/gcc/arm-none-eabi/10.3.1/thumb/v7-m/nofp/libgcc.a(_arm_addsubdf3.o)
                              ./Core/Src/main.o (__aeabi_i2d)
/opt/st/stm32cubeide_1.10.1/plugins/com.st.stm32cube.ide.mcu.externaltools.gnu-tools-for-stm32.10.3-2021.10.linux64_1.0.0.202111181127/tools/bin/../lib/gcc/arm-none-eabi/10.3.1/thumb/v7-m/nofp/libgcc.a(_arm_muldivdf3.o)
                              ./Core/Src/main.o (__aeabi_ddiv)
/opt/st/stm32cubeide_1.10.1/plugins/com.st.stm32cube.ide.mcu.externaltools.gnu-tools-for-stm32.10.3-2021.10.linux64_1.0.0.202111181127/tools/bin/../lib/gcc/arm-none-eabi/10.3.1/thumb/v7-m/nofp/libgcc.a(_arm_truncdfsf2.o)
                              ./Core/Src/main.o (__aeabi_d2f)
/opt/st/stm32cubeide_1.10.1/plugins/com.st.stm32cube.ide.mcu.externaltools.gnu-tools-for-stm32.10.3-2021.10.linux64_1.0.0.202111181127/tools/bin/../lib/gcc/arm-none-eabi/10.3.1/thumb/v7-m/nofp/libgcc.a(_arm_addsubsf3.o)
                              ./Core/Src/main.o (__aeabi_fadd)
/opt/st/stm32cubeide_1.10.1/plugins/com.st.stm32cube.ide.mcu.externaltools.gnu-tools-for-stm32.10.3-2021.10.linux64_1.0.0.202111181127/tools/bin/../lib/gcc/arm-none-eabi/10.3.1/thumb/v7-m/nofp/libgcc.a(_arm_muldivsf3.o)
                              ./Core/Src/main.o (__aeabi_fdiv)

Discarded input sections

 .text          0x0000000000000000        0x0 /opt/st/stm32cubeide_1.10.1/plugins/com.st.stm32cube.ide.mcu.externaltools.gnu-tools-for-stm32.10.3-2021.10.linux64_1.0.0.202111181127/tools/bin/../lib/gcc/arm-none-eabi/10.3.1/thumb/v7-m/nofp/crti.o
 .data          0x0000000000000000        0x0 /opt/st/stm32cubeide_1.10.1/plugins/com.st.stm32cube.ide.mcu.externaltools.gnu-tools-for-stm32.10.3-2021.10.linux64_1.0.0.202111181127/tools/bin/../lib/gcc/arm-none-eabi/10.3.1/thumb/v7-m/nofp/crti.o
 .bss           0x0000000000000000        0x0 /opt/st/stm32cubeide_1.10.1/plugins/com.st.stm32cube.ide.mcu.externaltools.gnu-tools-for-stm32.10.3-2021.10.linux64_1.0.0.202111181127/tools/bin/../lib/gcc/arm-none-eabi/10.3.1/thumb/v7-m/nofp/crti.o
 .data          0x0000000000000000        0x4 /opt/st/stm32cubeide_1.10.1/plugins/com.st.stm32cube.ide.mcu.externaltools.gnu-tools-for-stm32.10.3-2021.10.linux64_1.0.0.202111181127/tools/bin/../lib/gcc/arm-none-eabi/10.3.1/thumb/v7-m/nofp/crtbegin.o
[...]
Memory Configuration

Name             Origin             Length             Attributes
RAM              0x0000000020000000 0x0000000000005000 xrw
FLASH            0x0000000008000000 0x0000000000010000 xr
*default*        0x0000000000000000 0xffffffffffffffff

Linker script and memory map

LOAD /opt/st/stm32cubeide_1.10.1/plugins/com.st.stm32cube.ide.mcu.externaltools.gnu-tools-for-stm32.10.3-2021.10.linux64_1.0.0.202111181127/tools/bin/../lib/gcc/arm-none-eabi/10.3.1/thumb/v7-m/nofp/crti.o
LOAD /opt/st/stm32cubeide_1.10.1/plugins/com.st.stm32cube.ide.mcu.externaltools.gnu-tools-for-stm32.10.3-2021.10.linux64_1.0.0.202111181127/tools/bin/../lib/gcc/arm-none-eabi/10.3.1/thumb/v7-m/nofp/crtbegin.o
LOAD /opt/st/stm32cubeide_1.10.1/plugins/com.st.stm32cube.ide.mcu.externaltools.gnu-tools-for-stm32.10.3-2021.10.linux64_1.0.0.202111181127/tools/bin/../lib/gcc/arm-none-eabi/10.3.1/../../../../arm-none-eabi/lib/thumb/v7-m/nofp/crt0.o
LOAD ./Core/Src/main.o
LOAD ./Core/Src/stm32f1xx_hal_msp.o
LOAD ./Core/Src/stm32f1xx_it.o
LOAD ./Core/Src/syscalls.o
LOAD ./Core/Src/sysmem.o
LOAD ./Core/Src/system_stm32f1xx.o
LOAD ./Core/Startup/startup_stm32f103c8tx.o
LOAD ./Drivers/STM32F1xx_HAL_Driver/Src/stm32f1xx_hal.o
LOAD ./Drivers/STM32F1xx_HAL_Driver/Src/stm32f1xx_hal_cortex.o
LOAD ./Drivers/STM32F1xx_HAL_Driver/Src/stm32f1xx_hal_dma.o
LOAD ./Drivers/STM32F1xx_HAL_Driver/Src/stm32f1xx_hal_exti.o
LOAD ./Drivers/STM32F1xx_HAL_Driver/Src/stm32f1xx_hal_flash.o
LOAD ./Drivers/STM32F1xx_HAL_Driver/Src/stm32f1xx_hal_flash_ex.o
LOAD ./Drivers/STM32F1xx_HAL_Driver/Src/stm32f1xx_hal_gpio.o
LOAD ./Drivers/STM32F1xx_HAL_Driver/Src/stm32f1xx_hal_gpio_ex.o
LOAD ./Drivers/STM32F1xx_HAL_Driver/Src/stm32f1xx_hal_i2c.o
LOAD ./Drivers/STM32F1xx_HAL_Driver/Src/stm32f1xx_hal_pwr.o
LOAD ./Drivers/STM32F1xx_HAL_Driver/Src/stm32f1xx_hal_rcc.o
LOAD ./Drivers/STM32F1xx_HAL_Driver/Src/stm32f1xx_hal_rcc_ex.o
LOAD ./Drivers/STM32F1xx_HAL_Driver/Src/stm32f1xx_hal_tim.o
LOAD ./Drivers/STM32F1xx_HAL_Driver/Src/stm32f1xx_hal_tim_ex.o
START GROUP
LOAD /opt/st/stm32cubeide_1.10.1/plugins/com.st.stm32cube.ide.mcu.externaltools.gnu-tools-for-stm32.10.3-2021.10.linux64_1.0.0.202111181127/tools/bin/../lib/gcc/arm-none-eabi/10.3.1/../../../../arm-none-eabi/lib/thumb/v7-m/nofp/libc_nano.a
LOAD /opt/st/stm32cubeide_1.10.1/plugins/com.st.stm32cube.ide.mcu.externaltools.gnu-tools-for-stm32.10.3-2021.10.linux64_1.0.0.202111181127/tools/bin/../lib/gcc/arm-none-eabi/10.3.1/../../../../arm-none-eabi/lib/thumb/v7-m/nofp/libm.a
END GROUP
START GROUP
LOAD /opt/st/stm32cubeide_1.10.1/plugins/com.st.stm32cube.ide.mcu.externaltools.gnu-tools-for-stm32.10.3-2021.10.linux64_1.0.0.202111181127/tools/bin/../lib/gcc/arm-none-eabi/10.3.1/thumb/v7-m/nofp/libgcc.a
LOAD /opt/st/stm32cubeide_1.10.1/plugins/com.st.stm32cube.ide.mcu.externaltools.gnu-tools-for-stm32.10.3-2021.10.linux64_1.0.0.202111181127/tools/bin/../lib/gcc/arm-none-eabi/10.3.1/../../../../arm-none-eabi/lib/thumb/v7-m/nofp/libc_nano.a
END GROUP
START GROUP
LOAD /opt/st/stm32cubeide_1.10.1/plugins/com.st.stm32cube.ide.mcu.externaltools.gnu-tools-for-stm32.10.3-2021.10.linux64_1.0.0.202111181127/tools/bin/../lib/gcc/arm-none-eabi/10.3.1/thumb/v7-m/nofp/libgcc.a
LOAD /opt/st/stm32cubeide_1.10.1/plugins/com.st.stm32cube.ide.mcu.externaltools.gnu-tools-for-stm32.10.3-2021.10.linux64_1.0.0.202111181127/tools/bin/../lib/gcc/arm-none-eabi/10.3.1/../../../../arm-none-eabi/lib/thumb/v7-m/nofp/libc_nano.a
LOAD /opt/st/stm32cubeide_1.10.1/plugins/com.st.stm32cube.ide.mcu.externaltools.gnu-tools-for-stm32.10.3-2021.10.linux64_1.0.0.202111181127/tools/bin/../lib/gcc/arm-none-eabi/10.3.1/../../../../arm-none-eabi/lib/thumb/v7-m/nofp/libnosys.a
END GROUP
START GROUP
LOAD /opt/st/stm32cubeide_1.10.1/plugins/com.st.stm32cube.ide.mcu.externaltools.gnu-tools-for-stm32.10.3-2021.10.linux64_1.0.0.202111181127/tools/bin/../lib/gcc/arm-none-eabi/10.3.1/thumb/v7-m/nofp/libgcc.a
LOAD /opt/st/stm32cubeide_1.10.1/plugins/com.st.stm32cube.ide.mcu.externaltools.gnu-tools-for-stm32.10.3-2021.10.linux64_1.0.0.202111181127/tools/bin/../lib/gcc/arm-none-eabi/10.3.1/../../../../arm-none-eabi/lib/thumb/v7-m/nofp/libc_nano.a
LOAD /opt/st/stm32cubeide_1.10.1/plugins/com.st.stm32cube.ide.mcu.externaltools.gnu-tools-for-stm32.10.3-2021.10.linux64_1.0.0.202111181127/tools/bin/../lib/gcc/arm-none-eabi/10.3.1/../../../../arm-none-eabi/lib/thumb/v7-m/nofp/libnosys.a
END GROUP
LOAD /opt/st/stm32cubeide_1.10.1/plugins/com.st.stm32cube.ide.mcu.externaltools.gnu-tools-for-stm32.10.3-2021.10.linux64_1.0.0.202111181127/tools/bin/../lib/gcc/arm-none-eabi/10.3.1/thumb/v7-m/nofp/crtend.o
LOAD /opt/st/stm32cubeide_1.10.1/plugins/com.st.stm32cube.ide.mcu.externaltools.gnu-tools-for-stm32.10.3-2021.10.linux64_1.0.0.202111181127/tools/bin/../lib/gcc/arm-none-eabi/10.3.1/thumb/v7-m/nofp/crtn.o
                0x0000000020005000                _estack = (ORIGIN (RAM) + LENGTH (RAM))
                0x0000000000000200                _Min_Heap_Size = 0x200
                0x0000000000000400                _Min_Stack_Size = 0x400

.isr_vector     0x0000000008000000      0x10c
                0x0000000008000000                . = ALIGN (0x4)
 *(.isr_vector)
 .isr_vector    0x0000000008000000      0x10c ./Core/Startup/startup_stm32f103c8tx.o
                0x0000000008000000                g_pfnVectors
                0x000000000800010c                . = ALIGN (0x4)

.text           0x0000000008000110     0x31c4
                0x0000000008000110                . = ALIGN (0x4)
 *(.text)
 .text          0x0000000008000110       0x40 /opt/st/stm32cubeide_1.10.1/plugins/com.st.stm32cube.ide.mcu.externaltools.gnu-tools-for-stm32.10.3-2021.10.linux64_1.0.0.202111181127/tools/bin/../lib/gcc/arm-none-eabi/10.3.1/thumb/v7-m/nofp/crtbegin.o
 .text          0x0000000008000150      0x378 /opt/st/stm32cubeide_1.10.1/plugins/com.st.stm32cube.ide.mcu.externaltools.gnu-tools-for-stm32.10.3-2021.10.linux64_1.0.0.202111181127/tools/bin/../lib/gcc/arm-none-eabi/10.3.1/thumb/v7-m/nofp/libgcc.a(_arm_addsubdf3.o)
                0x0000000008000150                __aeabi_drsub
                0x0000000008000158                __aeabi_dsub
                0x0000000008000158                __subdf3
                0x000000000800015c                __adddf3
                0x000000000800015c                __aeabi_dadd
                0x00000000080003d4                __aeabi_ui2d
                0x00000000080003d4                __floatunsidf
                0x00000000080003f4                __floatsidf
                0x00000000080003f4                __aeabi_i2d
                0x0000000008000418                __extendsfdf2
                0x0000000008000418                __aeabi_f2d
                0x000000000800045c                __aeabi_ul2d
                0x000000000800045c                __floatundidf
                0x000000000800046c                __floatdidf
                0x000000000800046c                __aeabi_l2d
 .text          0x00000000080004c8      0x424 /opt/st/stm32cubeide_1.10.1/plugins/com.st.stm32cube.ide.mcu.externaltools.gnu-tools-for-stm32.10.3-2021.10.linux64_1.0.0.202111181127/tools/bin/../lib/gcc/arm-none-eabi/10.3.1/thumb/v7-m/nofp/libgcc.a(_arm_muldivdf3.o)
                0x00000000080004c8                __aeabi_dmul
                0x00000000080004c8                __muldf3
                0x000000000800071c                __aeabi_ddiv
                0x000000000800071c                __divdf3
 .text          0x00000000080008ec       0xa0 /opt/st/stm32cubeide_1.10.1/plugins/com.st.stm32cube.ide.mcu.externaltools.gnu-tools-for-stm32.10.3-2021.10.linux64_1.0.0.202111181127/tools/bin/../lib/gcc/arm-none-eabi/10.3.1/thumb/v7-m/nofp/libgcc.a(_arm_truncdfsf2.o)
                0x00000000080008ec                __aeabi_d2f
                0x00000000080008ec                __truncdfsf2
 .text          0x000000000800098c      0x21c /opt/st/stm32cubeide_1.10.1/plugins/com.st.stm32cube.ide.mcu.externaltools.gnu-tools-for-stm32.10.3-2021.10.linux64_1.0.0.202111181127/tools/bin/../lib/gcc/arm-none-eabi/10.3.1/thumb/v7-m/nofp/libgcc.a(_arm_addsubsf3.o)
                0x000000000800098c                __aeabi_frsub
                0x0000000008000994                __subsf3
                0x0000000008000994                __aeabi_fsub
                0x0000000008000998                __aeabi_fadd
                0x0000000008000998                __addsf3
                0x0000000008000af8                __aeabi_ui2f
                0x0000000008000af8                __floatunsisf
                0x0000000008000b00                __aeabi_i2f
                0x0000000008000b00                __floatsisf
                0x0000000008000b1c                __floatundisf
                0x0000000008000b1c                __aeabi_ul2f
                0x0000000008000b2c                __floatdisf
                0x0000000008000b2c                __aeabi_l2f
 .text          0x0000000008000ba8      0x2a0 /opt/st/stm32cubeide_1.10.1/plugins/com.st.stm32cube.ide.mcu.externaltools.gnu-tools-for-stm32.10.3-2021.10.linux64_1.0.0.202111181127/tools/bin/../lib/gcc/arm-none-eabi/10.3.1/thumb/v7-m/nofp/libgcc.a(_arm_muldivsf3.o)
                0x0000000008000ba8                __mulsf3
                0x0000000008000ba8                __aeabi_fmul
                0x0000000008000d10                __divsf3
                0x0000000008000d10                __aeabi_fdiv
 *(.text*)
 .text.MPU6050_Init
                0x0000000008000e48       0xbc ./Core/Src/main.o
                0x0000000008000e48                MPU6050_Init
 .text.MPU6050_Read_Accel
                0x0000000008000f04       0xf8 ./Core/Src/main.o
                0x0000000008000f04                MPU6050_Read_Accel
 *fill*         0x0000000008000ffc        0x4 
 .text.MPU6050_Read_Gyro
                0x0000000008001000       0xfc ./Core/Src/main.o
                0x0000000008001000                MPU6050_Read_Gyro
 .text.MPU6050_Read_Temperature
                0x00000000080010fc       0x78 ./Core/Src/main.o
                0x00000000080010fc                MPU6050_Read_Temperature
 .text.main     0x0000000008001174       0x2c ./Core/Src/main.o
                0x0000000008001174                main
 .text.SystemClock_Config
                0x00000000080011a0       0x8a ./Core/Src/main.o
                0x00000000080011a0                SystemClock_Config
 *fill*         0x000000000800122a        0x2 
 .text.MX_I2C2_Init
                0x000000000800122c       0x5c ./Core/Src/main.o
 .text.MX_GPIO_Init
                0x0000000008001288       0x5c ./Core/Src/main.o
 .text.Error_Handler
                0x00000000080012e4        0xc ./Core/Src/main.o
                0x00000000080012e4                Error_Handler
 .text.HAL_MspInit
                0x00000000080012f0       0x64 ./Core/Src/stm32f1xx_hal_msp.o
                0x00000000080012f0                HAL_MspInit
 .text.HAL_I2C_MspInit
                0x0000000008001354       0x80 ./Core/Src/stm32f1xx_hal_msp.o
                0x0000000008001354                HAL_I2C_MspInit
 .text.NMI_Handler
                0x00000000080013d4        0x6 ./Core/Src/stm32f1xx_it.o
                0x00000000080013d4                NMI_Handler
 .text.HardFault_Handler
                0x00000000080013da        0x6 ./Core/Src/stm32f1xx_it.o
                0x00000000080013da                HardFault_Handler
 .text.MemManage_Handler
                0x00000000080013e0        0x6 ./Core/Src/stm32f1xx_it.o
                0x00000000080013e0                MemManage_Handler
 .text.BusFault_Handler
                0x00000000080013e6        0x6 ./Core/Src/stm32f1xx_it.o
                0x00000000080013e6                BusFault_Handler
 .text.UsageFault_Handler
                0x00000000080013ec        0x6 ./Core/Src/stm32f1xx_it.o
                0x00000000080013ec                UsageFault_Handler
 .text.SVC_Handler
                0x00000000080013f2        0xc ./Core/Src/stm32f1xx_it.o
                0x00000000080013f2                SVC_Handler
 .text.DebugMon_Handler
                0x00000000080013fe        0xc ./Core/Src/stm32f1xx_it.o
                0x00000000080013fe                DebugMon_Handler
 .text.PendSV_Handler
                0x000000000800140a        0xc ./Core/Src/stm32f1xx_it.o
                0x000000000800140a                PendSV_Handler
 .text.SysTick_Handler
                0x0000000008001416        0xc ./Core/Src/stm32f1xx_it.o
                0x0000000008001416                SysTick_Handler
 .text.SystemInit
                0x0000000008001422        0xc ./Core/Src/system_stm32f1xx.o
                0x0000000008001422                SystemInit
 *fill*         0x000000000800142e        0x2 
 .text.Reset_Handler
                0x0000000008001430       0x48 ./Core/Startup/startup_stm32f103c8tx.o
                0x0000000008001430                Reset_Handler
 .text.Default_Handler
                0x0000000008001478        0x2 ./Core/Startup/startup_stm32f103c8tx.o
                0x0000000008001478                RTC_Alarm_IRQHandler
                0x0000000008001478                EXTI2_IRQHandler
                0x0000000008001478                TIM1_CC_IRQHandler
                0x0000000008001478                PVD_IRQHandler
                0x0000000008001478                EXTI3_IRQHandler
                0x0000000008001478                EXTI0_IRQHandler
                0x0000000008001478                I2C2_EV_IRQHandler
                0x0000000008001478                ADC1_2_IRQHandler
                0x0000000008001478                SPI1_IRQHandler
                0x0000000008001478                TAMPER_IRQHandler
                0x0000000008001478                DMA1_Channel4_IRQHandler
                0x0000000008001478                USART3_IRQHandler
                0x0000000008001478                RTC_IRQHandler
                0x0000000008001478                DMA1_Channel7_IRQHandler
                0x0000000008001478                CAN1_RX1_IRQHandler
                0x0000000008001478                TIM4_IRQHandler
                0x0000000008001478                I2C1_EV_IRQHandler
                0x0000000008001478                DMA1_Channel6_IRQHandler
                0x0000000008001478                TIM3_IRQHandler
                0x0000000008001478                RCC_IRQHandler
                0x0000000008001478                TIM1_TRG_COM_IRQHandler
                0x0000000008001478                DMA1_Channel1_IRQHandler
                0x0000000008001478                Default_Handler
                0x0000000008001478                EXTI15_10_IRQHandler
                0x0000000008001478                EXTI9_5_IRQHandler
                0x0000000008001478                SPI2_IRQHandler
                0x0000000008001478                DMA1_Channel5_IRQHandler
                0x0000000008001478                EXTI4_IRQHandler
                0x0000000008001478                USB_LP_CAN1_RX0_IRQHandler
                0x0000000008001478                USB_HP_CAN1_TX_IRQHandler
                0x0000000008001478                DMA1_Channel3_IRQHandler
                0x0000000008001478                TIM1_UP_IRQHandler
                0x0000000008001478                WWDG_IRQHandler
                0x0000000008001478                TIM2_IRQHandler
                0x0000000008001478                TIM1_BRK_IRQHandler
                0x0000000008001478                EXTI1_IRQHandler
                0x0000000008001478                USART2_IRQHandler
                0x0000000008001478                I2C2_ER_IRQHandler
                0x0000000008001478                DMA1_Channel2_IRQHandler
                0x0000000008001478                CAN1_SCE_IRQHandler
                0x0000000008001478                FLASH_IRQHandler
                0x0000000008001478                USART1_IRQHandler
                0x0000000008001478                I2C1_ER_IRQHandler
                0x0000000008001478                USBWakeUp_IRQHandler
 *fill*         0x000000000800147a        0x2 
 .text.HAL_Init
                0x000000000800147c       0x2c ./Drivers/STM32F1xx_HAL_Driver/Src/stm32f1xx_hal.o
                0x000000000800147c                HAL_Init
 .text.HAL_InitTick
                0x00000000080014a8       0x60 ./Drivers/STM32F1xx_HAL_Driver/Src/stm32f1xx_hal.o
                0x00000000080014a8                HAL_InitTick
 .text.HAL_IncTick
                0x0000000008001508       0x24 ./Drivers/STM32F1xx_HAL_Driver/Src/stm32f1xx_hal.o
                0x0000000008001508                HAL_IncTick
 .text.HAL_GetTick
                0x000000000800152c       0x14 ./Drivers/STM32F1xx_HAL_Driver/Src/stm32f1xx_hal.o
                0x000000000800152c                HAL_GetTick
 .text.HAL_Delay
                0x0000000008001540       0x48 ./Drivers/STM32F1xx_HAL_Driver/Src/stm32f1xx_hal.o
                0x0000000008001540                HAL_Delay
 .text.__NVIC_SetPriorityGrouping
                0x0000000008001588       0x48 ./Drivers/STM32F1xx_HAL_Driver/Src/stm32f1xx_hal_cortex.o
 .text.__NVIC_GetPriorityGrouping
                0x00000000080015d0       0x1c ./Drivers/STM32F1xx_HAL_Driver/Src/stm32f1xx_hal_cortex.o
 .text.__NVIC_SetPriority
                0x00000000080015ec       0x54 ./Drivers/STM32F1xx_HAL_Driver/Src/stm32f1xx_hal_cortex.o
 .text.NVIC_EncodePriority
                0x0000000008001640       0x64 ./Drivers/STM32F1xx_HAL_Driver/Src/stm32f1xx_hal_cortex.o
 .text.SysTick_Config
                0x00000000080016a4       0x44 ./Drivers/STM32F1xx_HAL_Driver/Src/stm32f1xx_hal_cortex.o
 .text.HAL_NVIC_SetPriorityGrouping
                0x00000000080016e8       0x16 ./Drivers/STM32F1xx_HAL_Driver/Src/stm32f1xx_hal_cortex.o
                0x00000000080016e8                HAL_NVIC_SetPriorityGrouping
 .text.HAL_NVIC_SetPriority
                0x00000000080016fe       0x38 ./Drivers/STM32F1xx_HAL_Driver/Src/stm32f1xx_hal_cortex.o
                0x00000000080016fe                HAL_NVIC_SetPriority
 .text.HAL_SYSTICK_Config
                0x0000000008001736       0x18 ./Drivers/STM32F1xx_HAL_Driver/Src/stm32f1xx_hal_cortex.o
                0x0000000008001736                HAL_SYSTICK_Config
 *fill*         0x000000000800174e        0x2 
 .text.HAL_GPIO_Init
                0x0000000008001750      0x308 ./Drivers/STM32F1xx_HAL_Driver/Src/stm32f1xx_hal_gpio.o
                0x0000000008001750                HAL_GPIO_Init
 .text.HAL_I2C_Init
                0x0000000008001a58      0x288 ./Drivers/STM32F1xx_HAL_Driver/Src/stm32f1xx_hal_i2c.o
                0x0000000008001a58                HAL_I2C_Init
 .text.HAL_I2C_Mem_Write
                0x0000000008001ce0      0x1f4 ./Drivers/STM32F1xx_HAL_Driver/Src/stm32f1xx_hal_i2c.o
                0x0000000008001ce0                HAL_I2C_Mem_Write
 .text.HAL_I2C_Mem_Read
                0x0000000008001ed4      0x4d0 ./Drivers/STM32F1xx_HAL_Driver/Src/stm32f1xx_hal_i2c.o
                0x0000000008001ed4                HAL_I2C_Mem_Read
 .text.I2C_RequestMemoryWrite
                0x00000000080023a4      0x12c ./Drivers/STM32F1xx_HAL_Driver/Src/stm32f1xx_hal_i2c.o
 .text.I2C_RequestMemoryRead
                0x00000000080024d0      0x1d0 ./Drivers/STM32F1xx_HAL_Driver/Src/stm32f1xx_hal_i2c.o
 .text.I2C_WaitOnFlagUntilTimeout
                0x00000000080026a0       0xae ./Drivers/STM32F1xx_HAL_Driver/Src/stm32f1xx_hal_i2c.o
 .text.I2C_WaitOnMasterAddressFlagUntilTimeout
                0x000000000800274e       0xfe ./Drivers/STM32F1xx_HAL_Driver/Src/stm32f1xx_hal_i2c.o
 .text.I2C_WaitOnTXEFlagUntilTimeout
                0x000000000800284c       0x82 ./Drivers/STM32F1xx_HAL_Driver/Src/stm32f1xx_hal_i2c.o
 .text.I2C_WaitOnBTFFlagUntilTimeout
                0x00000000080028ce       0x82 ./Drivers/STM32F1xx_HAL_Driver/Src/stm32f1xx_hal_i2c.o
 .text.I2C_WaitOnRXNEFlagUntilTimeout
                0x0000000008002950       0xac ./Drivers/STM32F1xx_HAL_Driver/Src/stm32f1xx_hal_i2c.o
 .text.I2C_IsAcknowledgeFailed
                0x00000000080029fc       0x5c ./Drivers/STM32F1xx_HAL_Driver/Src/stm32f1xx_hal_i2c.o
 .text.HAL_RCC_OscConfig
                0x0000000008002a58      0x504 ./Drivers/STM32F1xx_HAL_Driver/Src/stm32f1xx_hal_rcc.o
                0x0000000008002a58                HAL_RCC_OscConfig
 .text.HAL_RCC_ClockConfig
                0x0000000008002f5c      0x1d4 ./Drivers/STM32F1xx_HAL_Driver/Src/stm32f1xx_hal_rcc.o
                0x0000000008002f5c                HAL_RCC_ClockConfig
 .text.HAL_RCC_GetSysClockFreq
                0x0000000008003130       0xbc ./Drivers/STM32F1xx_HAL_Driver/Src/stm32f1xx_hal_rcc.o
                0x0000000008003130                HAL_RCC_GetSysClockFreq
 .text.HAL_RCC_GetHCLKFreq
                0x00000000080031ec       0x14 ./Drivers/STM32F1xx_HAL_Driver/Src/stm32f1xx_hal_rcc.o
                0x00000000080031ec                HAL_RCC_GetHCLKFreq
 .text.HAL_RCC_GetPCLK1Freq
                0x0000000008003200       0x28 ./Drivers/STM32F1xx_HAL_Driver/Src/stm32f1xx_hal_rcc.o
                0x0000000008003200                HAL_RCC_GetPCLK1Freq
 .text.RCC_Delay
                0x0000000008003228       0x3c ./Drivers/STM32F1xx_HAL_Driver/Src/stm32f1xx_hal_rcc.o
 .text.__libc_init_array
                0x0000000008003264       0x48 /opt/st/stm32cubeide_1.10.1/plugins/com.st.stm32cube.ide.mcu.externaltools.gnu-tools-for-stm32.10.3-2021.10.linux64_1.0.0.202111181127/tools/bin/../lib/gcc/arm-none-eabi/10.3.1/../../../../arm-none-eabi/lib/thumb/v7-m/nofp/libc_nano.a(lib_a-init.o)
                0x0000000008003264                __libc_init_array
 .text.memset   0x00000000080032ac       0x10 /opt/st/stm32cubeide_1.10.1/plugins/com.st.stm32cube.ide.mcu.externaltools.gnu-tools-for-stm32.10.3-2021.10.linux64_1.0.0.202111181127/tools/bin/../lib/gcc/arm-none-eabi/10.3.1/../../../../arm-none-eabi/lib/thumb/v7-m/nofp/libc_nano.a(lib_a-memset.o)
                0x00000000080032ac                memset
 *(.glue_7)
 .glue_7        0x00000000080032bc        0x0 linker stubs
 *(.glue_7t)
 .glue_7t       0x00000000080032bc        0x0 linker stubs
 *(.eh_frame)
 .eh_frame      0x00000000080032bc        0x0 /opt/st/stm32cubeide_1.10.1/plugins/com.st.stm32cube.ide.mcu.externaltools.gnu-tools-for-stm32.10.3-2021.10.linux64_1.0.0.202111181127/tools/bin/../lib/gcc/arm-none-eabi/10.3.1/thumb/v7-m/nofp/crtbegin.o
 *(.init)
 .init          0x00000000080032bc        0x4 /opt/st/stm32cubeide_1.10.1/plugins/com.st.stm32cube.ide.mcu.externaltools.gnu-tools-for-stm32.10.3-2021.10.linux64_1.0.0.202111181127/tools/bin/../lib/gcc/arm-none-eabi/10.3.1/thumb/v7-m/nofp/crti.o
                0x00000000080032bc                _init
 .init          0x00000000080032c0        0x8 /opt/st/stm32cubeide_1.10.1/plugins/com.st.stm32cube.ide.mcu.externaltools.gnu-tools-for-stm32.10.3-2021.10.linux64_1.0.0.202111181127/tools/bin/../lib/gcc/arm-none-eabi/10.3.1/thumb/v7-m/nofp/crtn.o
 *(.fini)
 .fini          0x00000000080032c8        0x4 /opt/st/stm32cubeide_1.10.1/plugins/com.st.stm32cube.ide.mcu.externaltools.gnu-tools-for-stm32.10.3-2021.10.linux64_1.0.0.202111181127/tools/bin/../lib/gcc/arm-none-eabi/10.3.1/thumb/v7-m/nofp/crti.o
                0x00000000080032c8                _fini
 .fini          0x00000000080032cc        0x8 /opt/st/stm32cubeide_1.10.1/plugins/com.st.stm32cube.ide.mcu.externaltools.gnu-tools-for-stm32.10.3-2021.10.linux64_1.0.0.202111181127/tools/bin/../lib/gcc/arm-none-eabi/10.3.1/thumb/v7-m/nofp/crtn.o
                0x00000000080032d4                . = ALIGN (0x4)
                0x00000000080032d4                _etext = .

.vfp11_veneer   0x00000000080032d4        0x0
 .vfp11_veneer  0x00000000080032d4        0x0 linker stubs

.v4_bx          0x00000000080032d4        0x0
 .v4_bx         0x00000000080032d4        0x0 linker stubs

.iplt           0x00000000080032d4        0x0
 .iplt          0x00000000080032d4        0x0 /opt/st/stm32cubeide_1.10.1/plugins/com.st.stm32cube.ide.mcu.externaltools.gnu-tools-for-stm32.10.3-2021.10.linux64_1.0.0.202111181127/tools/bin/../lib/gcc/arm-none-eabi/10.3.1/thumb/v7-m/nofp/crtbegin.o

.rodata         0x00000000080032d4       0x28
                0x00000000080032d4                . = ALIGN (0x4)
 *(.rodata)
 .rodata        0x00000000080032d4       0x10 ./Drivers/STM32F1xx_HAL_Driver/Src/stm32f1xx_hal_rcc.o
 *(.rodata*)
 .rodata.AHBPrescTable
                0x00000000080032e4       0x10 ./Core/Src/system_stm32f1xx.o
                0x00000000080032e4                AHBPrescTable
 .rodata.APBPrescTable
                0x00000000080032f4        0x8 ./Core/Src/system_stm32f1xx.o
                0x00000000080032f4                APBPrescTable
                0x00000000080032fc                . = ALIGN (0x4)

.rel.dyn        0x00000000080032fc        0x0
 .rel.iplt      0x00000000080032fc        0x0 /opt/st/stm32cubeide_1.10.1/plugins/com.st.stm32cube.ide.mcu.externaltools.gnu-tools-for-stm32.10.3-2021.10.linux64_1.0.0.202111181127/tools/bin/../lib/gcc/arm-none-eabi/10.3.1/thumb/v7-m/nofp/crtbegin.o

.ARM.extab      0x00000000080032fc        0x0
                0x00000000080032fc                . = ALIGN (0x4)
 *(.ARM.extab* .gnu.linkonce.armextab.*)
                0x00000000080032fc                . = ALIGN (0x4)

.ARM            0x00000000080032fc        0x0
                0x00000000080032fc                . = ALIGN (0x4)
                0x00000000080032fc                __exidx_start = .
 *(.ARM.exidx*)
                0x00000000080032fc                __exidx_end = .
                0x00000000080032fc                . = ALIGN (0x4)

.preinit_array  0x00000000080032fc        0x0
                0x00000000080032fc                . = ALIGN (0x4)
                0x00000000080032fc                PROVIDE (__preinit_array_start = .)
 *(.preinit_array*)
                0x00000000080032fc                PROVIDE (__preinit_array_end = .)
                0x00000000080032fc                . = ALIGN (0x4)

.init_array     0x00000000080032fc        0x4
                0x00000000080032fc                . = ALIGN (0x4)
                0x00000000080032fc                PROVIDE (__init_array_start = .)
 *(SORT_BY_NAME(.init_array.*))
 *(.init_array*)
 .init_array    0x00000000080032fc        0x4 /opt/st/stm32cubeide_1.10.1/plugins/com.st.stm32cube.ide.mcu.externaltools.gnu-tools-for-stm32.10.3-2021.10.linux64_1.0.0.202111181127/tools/bin/../lib/gcc/arm-none-eabi/10.3.1/thumb/v7-m/nofp/crtbegin.o
                0x0000000008003300                PROVIDE (__init_array_end = .)
                0x0000000008003300                . = ALIGN (0x4)

.fini_array     0x0000000008003300        0x4
                0x0000000008003300                . = ALIGN (0x4)
                [!provide]                        PROVIDE (__fini_array_start = .)
 *(SORT_BY_NAME(.fini_array.*))
 *(.fini_array*)
 .fini_array    0x0000000008003300        0x4 /opt/st/stm32cubeide_1.10.1/plugins/com.st.stm32cube.ide.mcu.externaltools.gnu-tools-for-stm32.10.3-2021.10.linux64_1.0.0.202111181127/tools/bin/../lib/gcc/arm-none-eabi/10.3.1/thumb/v7-m/nofp/crtbegin.o
                [!provide]                        PROVIDE (__fini_array_end = .)
                0x0000000008003304                . = ALIGN (0x4)
                0x0000000008003304                _sidata = LOADADDR (.data)

.data           0x0000000020000000        0xc load address 0x0000000008003304
                0x0000000020000000                . = ALIGN (0x4)
                0x0000000020000000                _sdata = .
 *(.data)
 *(.data*)
 .data.SystemCoreClock
                0x0000000020000000        0x4 ./Core/Src/system_stm32f1xx.o
                0x0000000020000000                SystemCoreClock
 .data.uwTickPrio
                0x0000000020000004        0x4 ./Drivers/STM32F1xx_HAL_Driver/Src/stm32f1xx_hal.o
                0x0000000020000004                uwTickPrio
 .data.uwTickFreq
                0x0000000020000008        0x1 ./Drivers/STM32F1xx_HAL_Driver/Src/stm32f1xx_hal.o
                0x0000000020000008                uwTickFreq
 *(.RamFunc)
 *(.RamFunc*)
                0x000000002000000c                . = ALIGN (0x4)
 *fill*         0x0000000020000009        0x3 
                0x000000002000000c                _edata = .

.igot.plt       0x000000002000000c        0x0 load address 0x0000000008003310
 .igot.plt      0x000000002000000c        0x0 /opt/st/stm32cubeide_1.10.1/plugins/com.st.stm32cube.ide.mcu.externaltools.gnu-tools-for-stm32.10.3-2021.10.linux64_1.0.0.202111181127/tools/bin/../lib/gcc/arm-none-eabi/10.3.1/thumb/v7-m/nofp/crtbegin.o
                0x000000002000000c                . = ALIGN (0x4)

.bss            0x000000002000000c       0xa4 load address 0x0000000008003310
                0x000000002000000c                _sbss = .
                0x000000002000000c                __bss_start__ = _sbss
 *(.bss)
 .bss           0x000000002000000c       0x1c /opt/st/stm32cubeide_1.10.1/plugins/com.st.stm32cube.ide.mcu.externaltools.gnu-tools-for-stm32.10.3-2021.10.linux64_1.0.0.202111181127/tools/bin/../lib/gcc/arm-none-eabi/10.3.1/thumb/v7-m/nofp/crtbegin.o
 *(.bss*)
 .bss.hi2c2     0x0000000020000028       0x54 ./Core/Src/main.o
                0x0000000020000028                hi2c2
 .bss.Accel_X_RAW
                0x000000002000007c        0x2 ./Core/Src/main.o
                0x000000002000007c                Accel_X_RAW
 .bss.Accel_Y_RAW
                0x000000002000007e        0x2 ./Core/Src/main.o
                0x000000002000007e                Accel_Y_RAW
 .bss.Accel_Z_RAW
                0x0000000020000080        0x2 ./Core/Src/main.o
                0x0000000020000080                Accel_Z_RAW
 .bss.Gyro_X_RAW
                0x0000000020000082        0x2 ./Core/Src/main.o
                0x0000000020000082                Gyro_X_RAW
 .bss.Gyro_Y_RAW
                0x0000000020000084        0x2 ./Core/Src/main.o
                0x0000000020000084                Gyro_Y_RAW
 .bss.Gyro_Z_RAW
                0x0000000020000086        0x2 ./Core/Src/main.o
                0x0000000020000086                Gyro_Z_RAW
 .bss.Temperature_RAW
                0x0000000020000088        0x2 ./Core/Src/main.o
                0x0000000020000088                Temperature_RAW
 *fill*         0x000000002000008a        0x2 
 .bss.Ax        0x000000002000008c        0x4 ./Core/Src/main.o
                0x000000002000008c                Ax
 .bss.Ay        0x0000000020000090        0x4 ./Core/Src/main.o
                0x0000000020000090                Ay
 .bss.Az        0x0000000020000094        0x4 ./Core/Src/main.o
                0x0000000020000094                Az
 .bss.Gx        0x0000000020000098        0x4 ./Core/Src/main.o
                0x0000000020000098                Gx
 .bss.Gy        0x000000002000009c        0x4 ./Core/Src/main.o
                0x000000002000009c                Gy
 .bss.Gz        0x00000000200000a0        0x4 ./Core/Src/main.o
                0x00000000200000a0                Gz
 .bss.T         0x00000000200000a4        0x4 ./Core/Src/main.o
                0x00000000200000a4                T
 .bss.test      0x00000000200000a8        0x1 ./Core/Src/main.o
                0x00000000200000a8                test
 .bss.check     0x00000000200000a9        0x1 ./Core/Src/main.o
                0x00000000200000a9                check
 *fill*         0x00000000200000aa        0x2 
 .bss.uwTick    0x00000000200000ac        0x4 ./Drivers/STM32F1xx_HAL_Driver/Src/stm32f1xx_hal.o
                0x00000000200000ac                uwTick
 *(COMMON)
                0x00000000200000b0                . = ALIGN (0x4)
                0x00000000200000b0                _ebss = .
                0x00000000200000b0                __bss_end__ = _ebss

._user_heap_stack
                0x00000000200000b0      0x600 load address 0x0000000008003310
                0x00000000200000b0                . = ALIGN (0x8)
                [!provide]                        PROVIDE (end = .)
                0x00000000200000b0                PROVIDE (_end = .)
                0x00000000200002b0                . = (. + _Min_Heap_Size)
 *fill*         0x00000000200000b0      0x200 
                0x00000000200006b0                . = (. + _Min_Stack_Size)
 *fill*         0x00000000200002b0      0x400 
                0x00000000200006b0                . = ALIGN (0x8)

/DISCARD/
 libc.a(*)
 libm.a(*)
 libgcc.a(*)

.ARM.attributes
                0x0000000000000000       0x29
 *(.ARM.attributes)
 .ARM.attributes
                0x0000000000000000       0x1d /opt/st/stm32cubeide_1.10.1/plugins/com.st.stm32cube.ide.mcu.externaltools.gnu-tools-for-stm32.10.3-2021.10.linux64_1.0.0.202111181127/tools/bin/../lib/gcc/arm-none-eabi/10.3.1/thumb/v7-m/nofp/crti.o
 .ARM.attributes
                0x000000000000001d       0x2d /opt/st/stm32cubeide_1.10.1/plugins/com.st.stm32cube.ide.mcu.externaltools.gnu-tools-for-stm32.10.3-2021.10.linux64_1.0.0.202111181127/tools/bin/../lib/gcc/arm-none-eabi/10.3.1/thumb/v7-m/nofp/crtbegin.o
 .ARM.attributes
                0x000000000000004a       0x2d ./Core/Src/main.o
 .ARM.attributes
                0x0000000000000077       0x2d ./Core/Src/stm32f1xx_hal_msp.o
 .ARM.attributes
                0x00000000000000a4       0x2d ./Core/Src/stm32f1xx_it.o
 .ARM.attributes
                0x00000000000000d1       0x2d ./Core/Src/system_stm32f1xx.o
 .ARM.attributes
                0x00000000000000fe       0x21 ./Core/Startup/startup_stm32f103c8tx.o
 .ARM.attributes
                0x000000000000011f       0x2d ./Drivers/STM32F1xx_HAL_Driver/Src/stm32f1xx_hal.o
 .ARM.attributes
                0x000000000000014c       0x2d ./Drivers/STM32F1xx_HAL_Driver/Src/stm32f1xx_hal_cortex.o
 .ARM.attributes
                0x0000000000000179       0x2d ./Drivers/STM32F1xx_HAL_Driver/Src/stm32f1xx_hal_gpio.o
 .ARM.attributes
                0x00000000000001a6       0x2d ./Drivers/STM32F1xx_HAL_Driver/Src/stm32f1xx_hal_i2c.o
 .ARM.attributes
                0x00000000000001d3       0x2d ./Drivers/STM32F1xx_HAL_Driver/Src/stm32f1xx_hal_rcc.o
 .ARM.attributes
                0x0000000000000200       0x2d /opt/st/stm32cubeide_1.10.1/plugins/com.st.stm32cube.ide.mcu.externaltools.gnu-tools-for-stm32.10.3-2021.10.linux64_1.0.0.202111181127/tools/bin/../lib/gcc/arm-none-eabi/10.3.1/../../../../arm-none-eabi/lib/thumb/v7-m/nofp/libc_nano.a(lib_a-init.o)
 .ARM.attributes
                0x000000000000022d       0x2d /opt/st/stm32cubeide_1.10.1/plugins/com.st.stm32cube.ide.mcu.externaltools.gnu-tools-for-stm32.10.3-2021.10.linux64_1.0.0.202111181127/tools/bin/../lib/gcc/arm-none-eabi/10.3.1/../../../../arm-none-eabi/lib/thumb/v7-m/nofp/libc_nano.a(lib_a-memset.o)
 .ARM.attributes
                0x000000000000025a       0x1d /opt/st/stm32cubeide_1.10.1/plugins/com.st.stm32cube.ide.mcu.externaltools.gnu-tools-for-stm32.10.3-2021.10.linux64_1.0.0.202111181127/tools/bin/../lib/gcc/arm-none-eabi/10.3.1/thumb/v7-m/nofp/libgcc.a(_arm_addsubdf3.o)
 .ARM.attributes
                0x0000000000000277       0x1d /opt/st/stm32cubeide_1.10.1/plugins/com.st.stm32cube.ide.mcu.externaltools.gnu-tools-for-stm32.10.3-2021.10.linux64_1.0.0.202111181127/tools/bin/../lib/gcc/arm-none-eabi/10.3.1/thumb/v7-m/nofp/libgcc.a(_arm_muldivdf3.o)
 .ARM.attributes
                0x0000000000000294       0x1d /opt/st/stm32cubeide_1.10.1/plugins/com.st.stm32cube.ide.mcu.externaltools.gnu-tools-for-stm32.10.3-2021.10.linux64_1.0.0.202111181127/tools/bin/../lib/gcc/arm-none-eabi/10.3.1/thumb/v7-m/nofp/libgcc.a(_arm_truncdfsf2.o)
 .ARM.attributes
                0x00000000000002b1       0x1d /opt/st/stm32cubeide_1.10.1/plugins/com.st.stm32cube.ide.mcu.externaltools.gnu-tools-for-stm32.10.3-2021.10.linux64_1.0.0.202111181127/tools/bin/../lib/gcc/arm-none-eabi/10.3.1/thumb/v7-m/nofp/libgcc.a(_arm_addsubsf3.o)
 .ARM.attributes
                0x00000000000002ce       0x1d /opt/st/stm32cubeide_1.10.1/plugins/com.st.stm32cube.ide.mcu.externaltools.gnu-tools-for-stm32.10.3-2021.10.linux64_1.0.0.202111181127/tools/bin/../lib/gcc/arm-none-eabi/10.3.1/thumb/v7-m/nofp/libgcc.a(_arm_muldivsf3.o)
 .ARM.attributes
                0x00000000000002eb       0x1d /opt/st/stm32cubeide_1.10.1/plugins/com.st.stm32cube.ide.mcu.externaltools.gnu-tools-for-stm32.10.3-2021.10.linux64_1.0.0.202111181127/tools/bin/../lib/gcc/arm-none-eabi/10.3.1/thumb/v7-m/nofp/crtn.o
OUTPUT(L7_MPU6050.elf elf32-littlearm)
LOAD linker stubs
LOAD /opt/st/stm32cubeide_1.10.1/plugins/com.st.stm32cube.ide.mcu.externaltools.gnu-tools-for-stm32.10.3-2021.10.linux64_1.0.0.202111181127/tools/bin/../lib/gcc/arm-none-eabi/10.3.1/../../../../arm-none-eabi/lib/thumb/v7-m/nofp/libc.a
LOAD /opt/st/stm32cubeide_1.10.1/plugins/com.st.stm32cube.ide.mcu.externaltools.gnu-tools-for-stm32.10.3-2021.10.linux64_1.0.0.202111181127/tools/bin/../lib/gcc/arm-none-eabi/10.3.1/../../../../arm-none-eabi/lib/thumb/v7-m/nofp/libm.a
LOAD /opt/st/stm32cubeide_1.10.1/plugins/com.st.stm32cube.ide.mcu.externaltools.gnu-tools-for-stm32.10.3-2021.10.linux64_1.0.0.202111181127/tools/bin/../lib/gcc/arm-none-eabi/10.3.1/thumb/v7-m/nofp/libgcc.a

.debug_info     0x0000000000000000     0x5f86
 .debug_info    0x0000000000000000      0xb52 ./Core/Src/main.o
 .debug_info    0x0000000000000b52      0x8b6 ./Core/Src/stm32f1xx_hal_msp.o
 .debug_info    0x0000000000001408      0x122 ./Core/Src/stm32f1xx_it.o
 .debug_info    0x000000000000152a      0x23d ./Core/Src/system_stm32f1xx.o
 .debug_info    0x0000000000001767       0x22 ./Core/Startup/startup_stm32f103c8tx.o
 .debug_info    0x0000000000001789      0x734 ./Drivers/STM32F1xx_HAL_Driver/Src/stm32f1xx_hal.o
 .debug_info    0x0000000000001ebd      0xb20 ./Drivers/STM32F1xx_HAL_Driver/Src/stm32f1xx_hal_cortex.o
 .debug_info    0x00000000000029dd      0x615 ./Drivers/STM32F1xx_HAL_Driver/Src/stm32f1xx_hal_gpio.o
 .debug_info    0x0000000000002ff2     0x2734 ./Drivers/STM32F1xx_HAL_Driver/Src/stm32f1xx_hal_i2c.o
 .debug_info    0x0000000000005726      0x860 ./Drivers/STM32F1xx_HAL_Driver/Src/stm32f1xx_hal_rcc.o

.debug_abbrev   0x0000000000000000     0x1165
 .debug_abbrev  0x0000000000000000      0x23d ./Core/Src/main.o
 .debug_abbrev  0x000000000000023d      0x194 ./Core/Src/stm32f1xx_hal_msp.o
 .debug_abbrev  0x00000000000003d1       0x74 ./Core/Src/stm32f1xx_it.o
 .debug_abbrev  0x0000000000000445      0x13b ./Core/Src/system_stm32f1xx.o
 .debug_abbrev  0x0000000000000580       0x12 ./Core/Startup/startup_stm32f103c8tx.o
 .debug_abbrev  0x0000000000000592      0x1fb ./Drivers/STM32F1xx_HAL_Driver/Src/stm32f1xx_hal.o
 .debug_abbrev  0x000000000000078d      0x2ed ./Drivers/STM32F1xx_HAL_Driver/Src/stm32f1xx_hal_cortex.o
 .debug_abbrev  0x0000000000000a7a      0x1bb ./Drivers/STM32F1xx_HAL_Driver/Src/stm32f1xx_hal_gpio.o
 .debug_abbrev  0x0000000000000c35      0x288 ./Drivers/STM32F1xx_HAL_Driver/Src/stm32f1xx_hal_i2c.o
 .debug_abbrev  0x0000000000000ebd      0x2a8 ./Drivers/STM32F1xx_HAL_Driver/Src/stm32f1xx_hal_rcc.o

.debug_aranges  0x0000000000000000      0x6a8
 .debug_aranges
                0x0000000000000000       0x60 ./Core/Src/main.o
 .debug_aranges
                0x0000000000000060       0x30 ./Core/Src/stm32f1xx_hal_msp.o
 .debug_aranges
                0x0000000000000090       0x60 ./Core/Src/stm32f1xx_it.o
 .debug_aranges
                0x00000000000000f0       0x28 ./Core/Src/system_stm32f1xx.o
 .debug_aranges
                0x0000000000000118       0x28 ./Core/Startup/startup_stm32f103c8tx.o
 .debug_aranges
                0x0000000000000140       0xe0 ./Drivers/STM32F1xx_HAL_Driver/Src/stm32f1xx_hal.o
 .debug_aranges
                0x0000000000000220      0x100 ./Drivers/STM32F1xx_HAL_Driver/Src/stm32f1xx_hal_cortex.o
 .debug_aranges
                0x0000000000000320       0x58 ./Drivers/STM32F1xx_HAL_Driver/Src/stm32f1xx_hal_gpio.o
 .debug_aranges
                0x0000000000000378      0x2a0 ./Drivers/STM32F1xx_HAL_Driver/Src/stm32f1xx_hal_i2c.o
 .debug_aranges
                0x0000000000000618       0x90 ./Drivers/STM32F1xx_HAL_Driver/Src/stm32f1xx_hal_rcc.o

.debug_ranges   0x0000000000000000      0x638
 .debug_ranges  0x0000000000000000       0x50 ./Core/Src/main.o
 .debug_ranges  0x0000000000000050       0x20 ./Core/Src/stm32f1xx_hal_msp.o
 .debug_ranges  0x0000000000000070       0x50 ./Core/Src/stm32f1xx_it.o
 .debug_ranges  0x00000000000000c0       0x18 ./Core/Src/system_stm32f1xx.o
 .debug_ranges  0x00000000000000d8       0x20 ./Core/Startup/startup_stm32f103c8tx.o
 .debug_ranges  0x00000000000000f8       0xd0 ./Drivers/STM32F1xx_HAL_Driver/Src/stm32f1xx_hal.o
 .debug_ranges  0x00000000000001c8       0xf0 ./Drivers/STM32F1xx_HAL_Driver/Src/stm32f1xx_hal_cortex.o
 .debug_ranges  0x00000000000002b8       0x48 ./Drivers/STM32F1xx_HAL_Driver/Src/stm32f1xx_hal_gpio.o
 .debug_ranges  0x0000000000000300      0x2b8 ./Drivers/STM32F1xx_HAL_Driver/Src/stm32f1xx_hal_i2c.o
 .debug_ranges  0x00000000000005b8       0x80 ./Drivers/STM32F1xx_HAL_Driver/Src/stm32f1xx_hal_rcc.o

.debug_macro    0x0000000000000000    0x15d8f
 .debug_macro   0x0000000000000000      0x1ce ./Core/Src/main.o
 .debug_macro   0x00000000000001ce      0xa6c ./Core/Src/main.o
 .debug_macro   0x0000000000000c3a      0x215 ./Core/Src/main.o
 .debug_macro   0x0000000000000e4f       0x2e ./Core/Src/main.o
 .debug_macro   0x0000000000000e7d       0x22 ./Core/Src/main.o
 .debug_macro   0x0000000000000e9f       0x22 ./Core/Src/main.o
 .debug_macro   0x0000000000000ec1       0x8e ./Core/Src/main.o
 .debug_macro   0x0000000000000f4f       0x51 ./Core/Src/main.o
 .debug_macro   0x0000000000000fa0      0x103 ./Core/Src/main.o
 .debug_macro   0x00000000000010a3       0x6a ./Core/Src/main.o
 .debug_macro   0x000000000000110d      0x1df ./Core/Src/main.o
 .debug_macro   0x00000000000012ec       0x1c ./Core/Src/main.o
 .debug_macro   0x0000000000001308       0x22 ./Core/Src/main.o
 .debug_macro   0x000000000000132a       0xbd ./Core/Src/main.o
 .debug_macro   0x00000000000013e7      0xd23 ./Core/Src/main.o
 .debug_macro   0x000000000000210a     0xe09e ./Core/Src/main.o
 .debug_macro   0x00000000000101a8       0x6d ./Core/Src/main.o
 .debug_macro   0x0000000000010215     0x3468 ./Core/Src/main.o
 .debug_macro   0x000000000001367d      0x174 ./Core/Src/main.o
 .debug_macro   0x00000000000137f1       0x5c ./Core/Src/main.o
 .debug_macro   0x000000000001384d      0x5be ./Core/Src/main.o
 .debug_macro   0x0000000000013e0b      0x289 ./Core/Src/main.o
 .debug_macro   0x0000000000014094      0x1cb ./Core/Src/main.o
 .debug_macro   0x000000000001425f      0x114 ./Core/Src/main.o
 .debug_macro   0x0000000000014373      0x1b2 ./Core/Src/main.o
 .debug_macro   0x0000000000014525       0x27 ./Core/Src/main.o
 .debug_macro   0x000000000001454c      0x136 ./Core/Src/main.o
 .debug_macro   0x0000000000014682      0x1bc ./Core/Src/main.o
 .debug_macro   0x000000000001483e       0x34 ./Core/Src/main.o
 .debug_macro   0x0000000000014872       0x3c ./Core/Src/main.o
 .debug_macro   0x00000000000148ae       0x57 ./Core/Src/main.o
 .debug_macro   0x0000000000014905       0x88 ./Core/Src/main.o
 .debug_macro   0x000000000001498d      0x241 ./Core/Src/main.o
 .debug_macro   0x0000000000014bce      0x287 ./Core/Src/main.o
 .debug_macro   0x0000000000014e55      0x141 ./Core/Src/main.o
 .debug_macro   0x0000000000014f96       0x83 ./Core/Src/main.o
 .debug_macro   0x0000000000015019      0x198 ./Core/Src/stm32f1xx_hal_msp.o
 .debug_macro   0x00000000000151b1      0x1a2 ./Core/Src/stm32f1xx_it.o
 .debug_macro   0x0000000000015353      0x18e ./Core/Src/system_stm32f1xx.o
 .debug_macro   0x00000000000154e1      0x1b2 ./Drivers/STM32F1xx_HAL_Driver/Src/stm32f1xx_hal.o
 .debug_macro   0x0000000000015693      0x18e ./Drivers/STM32F1xx_HAL_Driver/Src/stm32f1xx_hal_cortex.o
 .debug_macro   0x0000000000015821      0x1f9 ./Drivers/STM32F1xx_HAL_Driver/Src/stm32f1xx_hal_gpio.o
 .debug_macro   0x0000000000015a1a      0x1d5 ./Drivers/STM32F1xx_HAL_Driver/Src/stm32f1xx_hal_i2c.o
 .debug_macro   0x0000000000015bef      0x1a0 ./Drivers/STM32F1xx_HAL_Driver/Src/stm32f1xx_hal_rcc.o

.debug_line     0x0000000000000000     0x7fd0
 .debug_line    0x0000000000000000      0x811 ./Core/Src/main.o
 .debug_line    0x0000000000000811      0x666 ./Core/Src/stm32f1xx_hal_msp.o
 .debug_line    0x0000000000000e77      0x6de ./Core/Src/stm32f1xx_it.o
 .debug_line    0x0000000000001555      0x69a ./Core/Src/system_stm32f1xx.o
 .debug_line    0x0000000000001bef       0x87 ./Core/Startup/startup_stm32f103c8tx.o
 .debug_line    0x0000000000001c76      0x8c7 ./Drivers/STM32F1xx_HAL_Driver/Src/stm32f1xx_hal.o
 .debug_line    0x000000000000253d      0xaaf ./Drivers/STM32F1xx_HAL_Driver/Src/stm32f1xx_hal_cortex.o
 .debug_line    0x0000000000002fec      0x95e ./Drivers/STM32F1xx_HAL_Driver/Src/stm32f1xx_hal_gpio.o
 .debug_line    0x000000000000394a     0x39b1 ./Drivers/STM32F1xx_HAL_Driver/Src/stm32f1xx_hal_i2c.o
 .debug_line    0x00000000000072fb      0xcd5 ./Drivers/STM32F1xx_HAL_Driver/Src/stm32f1xx_hal_rcc.o

.debug_str      0x0000000000000000    0x7e343
 .debug_str     0x0000000000000000    0x7c785 ./Core/Src/main.o
                                      0x7cb33 (size before relaxing)
 .debug_str     0x000000000007c785       0xdc ./Core/Src/stm32f1xx_hal_msp.o
                                      0x7c884 (size before relaxing)
 .debug_str     0x000000000007c861       0xc9 ./Core/Src/stm32f1xx_it.o
                                      0x7c395 (size before relaxing)
 .debug_str     0x000000000007c92a       0x7e ./Core/Src/system_stm32f1xx.o
                                      0x7c3ab (size before relaxing)
 .debug_str     0x000000000007c9a8       0x36 ./Core/Startup/startup_stm32f103c8tx.o
                                         0x72 (size before relaxing)
 .debug_str     0x000000000007c9de      0x607 ./Drivers/STM32F1xx_HAL_Driver/Src/stm32f1xx_hal.o
                                      0x7cade (size before relaxing)
 .debug_str     0x000000000007cfe5      0x2bb ./Drivers/STM32F1xx_HAL_Driver/Src/stm32f1xx_hal_cortex.o
                                      0x7ca2a (size before relaxing)
 .debug_str     0x000000000007d2a0      0x322 ./Drivers/STM32F1xx_HAL_Driver/Src/stm32f1xx_hal_gpio.o
                                      0x7c731 (size before relaxing)
 .debug_str     0x000000000007d5c2      0xb78 ./Drivers/STM32F1xx_HAL_Driver/Src/stm32f1xx_hal_i2c.o
                                      0x7d41f (size before relaxing)
 .debug_str     0x000000000007e13a      0x209 ./Drivers/STM32F1xx_HAL_Driver/Src/stm32f1xx_hal_rcc.o
                                      0x7c7da (size before relaxing)

.comment        0x0000000000000000       0x50
 .comment       0x0000000000000000       0x50 ./Core/Src/main.o
                                         0x51 (size before relaxing)
 .comment       0x0000000000000050       0x51 ./Core/Src/stm32f1xx_hal_msp.o
 .comment       0x0000000000000050       0x51 ./Core/Src/stm32f1xx_it.o
 .comment       0x0000000000000050       0x51 ./Core/Src/system_stm32f1xx.o
 .comment       0x0000000000000050       0x51 ./Drivers/STM32F1xx_HAL_Driver/Src/stm32f1xx_hal.o
 .comment       0x0000000000000050       0x51 ./Drivers/STM32F1xx_HAL_Driver/Src/stm32f1xx_hal_cortex.o
 .comment       0x0000000000000050       0x51 ./Drivers/STM32F1xx_HAL_Driver/Src/stm32f1xx_hal_gpio.o
 .comment       0x0000000000000050       0x51 ./Drivers/STM32F1xx_HAL_Driver/Src/stm32f1xx_hal_i2c.o
 .comment       0x0000000000000050       0x51 ./Drivers/STM32F1xx_HAL_Driver/Src/stm32f1xx_hal_rcc.o

.debug_frame    0x0000000000000000     0x1c3c
 .debug_frame   0x0000000000000000      0x150 ./Core/Src/main.o
 .debug_frame   0x0000000000000150       0x80 ./Core/Src/stm32f1xx_hal_msp.o
 .debug_frame   0x00000000000001d0      0x104 ./Core/Src/stm32f1xx_it.o
 .debug_frame   0x00000000000002d4       0x58 ./Core/Src/system_stm32f1xx.o
 .debug_frame   0x000000000000032c      0x334 ./Drivers/STM32F1xx_HAL_Driver/Src/stm32f1xx_hal.o
 .debug_frame   0x0000000000000660      0x428 ./Drivers/STM32F1xx_HAL_Driver/Src/stm32f1xx_hal_cortex.o
 .debug_frame   0x0000000000000a88      0x14c ./Drivers/STM32F1xx_HAL_Driver/Src/stm32f1xx_hal_gpio.o
 .debug_frame   0x0000000000000bd4      0xc5c ./Drivers/STM32F1xx_HAL_Driver/Src/stm32f1xx_hal_i2c.o
 .debug_frame   0x0000000000001830      0x21c ./Drivers/STM32F1xx_HAL_Driver/Src/stm32f1xx_hal_rcc.o
 .debug_frame   0x0000000000001a4c       0x2c /opt/st/stm32cubeide_1.10.1/plugins/com.st.stm32cube.ide.mcu.externaltools.gnu-tools-for-stm32.10.3-2021.10.linux64_1.0.0.202111181127/tools/bin/../lib/gcc/arm-none-eabi/10.3.1/../../../../arm-none-eabi/lib/thumb/v7-m/nofp/libc_nano.a(lib_a-init.o)
 .debug_frame   0x0000000000001a78       0x20 /opt/st/stm32cubeide_1.10.1/plugins/com.st.stm32cube.ide.mcu.externaltools.gnu-tools-for-stm32.10.3-2021.10.linux64_1.0.0.202111181127/tools/bin/../lib/gcc/arm-none-eabi/10.3.1/../../../../arm-none-eabi/lib/thumb/v7-m/nofp/libc_nano.a(lib_a-memset.o)
 .debug_frame   0x0000000000001a98       0xac /opt/st/stm32cubeide_1.10.1/plugins/com.st.stm32cube.ide.mcu.externaltools.gnu-tools-for-stm32.10.3-2021.10.linux64_1.0.0.202111181127/tools/bin/../lib/gcc/arm-none-eabi/10.3.1/thumb/v7-m/nofp/libgcc.a(_arm_addsubdf3.o)
 .debug_frame   0x0000000000001b44       0x50 /opt/st/stm32cubeide_1.10.1/plugins/com.st.stm32cube.ide.mcu.externaltools.gnu-tools-for-stm32.10.3-2021.10.linux64_1.0.0.202111181127/tools/bin/../lib/gcc/arm-none-eabi/10.3.1/thumb/v7-m/nofp/libgcc.a(_arm_muldivdf3.o)
 .debug_frame   0x0000000000001b94       0x24 /opt/st/stm32cubeide_1.10.1/plugins/com.st.stm32cube.ide.mcu.externaltools.gnu-tools-for-stm32.10.3-2021.10.linux64_1.0.0.202111181127/tools/bin/../lib/gcc/arm-none-eabi/10.3.1/thumb/v7-m/nofp/libgcc.a(_arm_truncdfsf2.o)
 .debug_frame   0x0000000000001bb8       0x4c /opt/st/stm32cubeide_1.10.1/plugins/com.st.stm32cube.ide.mcu.externaltools.gnu-tools-for-stm32.10.3-2021.10.linux64_1.0.0.202111181127/tools/bin/../lib/gcc/arm-none-eabi/10.3.1/thumb/v7-m/nofp/libgcc.a(_arm_addsubsf3.o)
 .debug_frame   0x0000000000001c04       0x38 /opt/st/stm32cubeide_1.10.1/plugins/com.st.stm32cube.ide.mcu.externaltools.gnu-tools-for-stm32.10.3-2021.10.linux64_1.0.0.202111181127/tools/bin/../lib/gcc/arm-none-eabi/10.3.1/thumb/v7-m/nofp/libgcc.a(_arm_muldivsf3.o)
