08:34:05 **** Build of configuration Debug for project L1_Led_Blink ****
make -j12 all 
arm-none-eabi-size   L1_Led_Blink.elf 
   text	   data	    bss	    dec	    hex	filename
   4684	     20	   1572	   6276	   1884	L1_Led_Blink.elf
Finished building: default.size.stdout
 
08:34:38 **** Incremental Build of configuration Debug for project L1_Led_Blink ****
make -j12 all 
arm-none-eabi-size   L1_Led_Blink.elf 
   text	   data	    bss	    dec	    hex	filename
   4684	     20	   1572	   6276	   1884	L1_Led_Blink.elf
Finished building: default.size.stdout
 
08:35:37 **** Incremental Build of configuration Debug for project L1_Led_Blink ****
make -j12 all 
arm-none-eabi-size   L1_Led_Blink.elf 
   text	   data	    bss	    dec	    hex	filename
   4684	     20	   1572	   6276	   1884	L1_Led_Blink.elf
Finished building: default.size.stdout
 
08:38:39 **** Incremental Build of configuration Debug for project L1_Led_Blink ****
make -j12 all 
arm-none-eabi-size   L1_Led_Blink.elf 
   text	   data	    bss	    dec	    hex	filename
   4684	     20	   1572	   6276	   1884	L1_Led_Blink.elf
Finished building: default.size.stdout
 
08:39:04 **** Incremental Build of configuration Debug for project L1_Led_Blink ****
make -j12 all 
arm-none-eabi-size   L1_Led_Blink.elf 
   text	   data	    bss	    dec	    hex	filename
   4684	     20	   1572	   6276	   1884	L1_Led_Blink.elf
Finished building: default.size.stdout
 
08:39:19 **** Incremental Build of configuration Debug for project L1_Led_Blink ****
make -j12 all 
arm-none-eabi-size   L1_Led_Blink.elf 
   text	   data	    bss	    dec	    hex	filename
   4684	     20	   1572	   6276	   1884	L1_Led_Blink.elf
Finished building: default.size.stdout
 
08:41:07 **** Incremental Build of configuration Debug for project L1_Led_Blink ****
make -j12 all 
arm-none-eabi-size   L1_Led_Blink.elf 
   text	   data	    bss	    dec	    hex	filename
   4684	     20	   1572	   6276	   1884	L1_Led_Blink.elf
Finished building: default.size.stdout
 
